------------------------------------------------------------
TimeQuest Timing Analyzer Summary
------------------------------------------------------------

Type  : Slow Model Setup 'CLOCK_50'
Slack : -7.410
TNS   : -268.108

Type  : Slow Model Setup 'AUD_DACLRCK'
Slack : -2.381
TNS   : -167.927

Type  : Slow Model Hold 'AUD_DACLRCK'
Slack : 0.391
TNS   : 0.000

Type  : Slow Model Hold 'CLOCK_50'
Slack : 0.391
TNS   : 0.000

Type  : Slow Model Minimum Pulse Width 'AUD_DACLRCK'
Slack : -1.423
TNS   : -415.818

Type  : Slow Model Minimum Pulse Width 'CLOCK_50'
Slack : 7.873
TNS   : 0.000

Type  : Fast Model Setup 'CLOCK_50'
Slack : -3.199
TNS   : -96.805

Type  : Fast Model Setup 'AUD_DACLRCK'
Slack : -0.542
TNS   : -17.559

Type  : Fast Model Hold 'CLOCK_50'
Slack : -0.111
TNS   : -0.228

Type  : Fast Model Hold 'AUD_DACLRCK'
Slack : 0.215
TNS   : 0.000

Type  : Fast Model Minimum Pulse Width 'AUD_DACLRCK'
Slack : -1.423
TNS   : -415.818

Type  : Fast Model Minimum Pulse Width 'CLOCK_50'
Slack : 7.873
TNS   : 0.000

------------------------------------------------------------
