18:06:20 **** Auto Build of configuration Debug for project b ****
make pre-build main-build 
a9-linaro-pre-build-step
' '
'Building file: ../src/main.c'
'Invoking: ARM v7 gcc compiler'
arm-none-eabi-gcc -Wall -O0 -g3 -c -fmessage-length=0 -MT"src/main.o" -mcpu=cortex-a9 -mfpu=vfpv3 -mfloat-abi=hard -I../../bram_intr_test_bsp/ps7_cortexa9_0/include -MMD -MP -MF"src/main.d" -MT"src/main.o" -o "src/main.o" "../src/main.c"
'Finished building: ../src/main.c'
' '
'Building target: b.elf'
'Invoking: ARM v7 gcc linker'
arm-none-eabi-gcc -mcpu=cortex-a9 -mfpu=vfpv3 -mfloat-abi=hard -Wl,-build-id=none -specs=Xilinx.spec -Wl,-T -Wl,../src/lscript.ld -L../../bram_intr_test_bsp/ps7_cortexa9_0/lib -o "b.elf"  ./src/main.o ./src/platform.o   -lm -Wl,--start-group,-lxil,-lgcc,-lc,--end-group
'Finished building target: b.elf'
' '
'Invoking: ARM v7 Print Size'
arm-none-eabi-size b.elf  |tee "b.elf.size"
   text	   data	    bss	    dec	    hex	filename
  85116	   4172	  23392	 112680	  1b828	b.elf
'Finished building: b.elf.size'
' '

18:06:20 Build Finished (took 583ms)

